#-----------------------------------------------------------
# Vivado v2020.2 (64-bit)
# SW Build 3064766 on Wed Nov 18 09:12:45 MST 2020
# IP Build 3064653 on Wed Nov 18 14:17:31 MST 2020
# Start of session at: Thu Nov 24 03:33:49 2022
# Process ID: 13688
# Current directory: E:/lab5/adv3
# Command line: vivado.exe -gui_launcher_event rodinguilauncherevent28084 E:\lab5\adv3\adv3.xpr
# Log file: E:/lab5/adv3/vivado.log
# Journal file: E:/lab5/adv3\vivado.jou
#-----------------------------------------------------------
start_gui
open_project E:/lab5/adv3/adv3.xpr
update_compile_order -fileset sources_1
launch_simulation
source Greatest_Common_Divisor_t.tcl
close_sim
launch_simulation
source Greatest_Common_Divisor_t.tcl
close_sim
launch_simulation
source Greatest_Common_Divisor_t.tcl
close_sim
launch_simulation
source Greatest_Common_Divisor_t.tcl
close_sim
launch_simulation
source Greatest_Common_Divisor_t.tcl
close_sim
launch_simulation
source Greatest_Common_Divisor_t.tcl
close_sim
launch_simulation
source Greatest_Common_Divisor_t.tcl
close_sim
launch_simulation
source Greatest_Common_Divisor_t.tcl
close_sim
