#-----------------------------------------------------------
# Vivado v2020.2 (64-bit)
# SW Build 3064766 on Wed Nov 18 09:12:45 MST 2020
# IP Build 3064653 on Wed Nov 18 14:17:31 MST 2020
# Start of session at: Thu Nov 24 14:44:17 2022
# Process ID: 17448
# Current directory: C:/khris/大二上/Logic-Design-Laborator/lab5/lab5/fpgaaaa
# Command line: vivado.exe -gui_launcher_event rodinguilauncherevent9828 C:\khris\大二上\Logic-Design-Laborator\lab5\lab5\fpgaaaa\fpgaaaa.xpr
# Log file: C:/khris/大二上/Logic-Design-Laborator/lab5/lab5/fpgaaaa/vivado.log
# Journal file: C:/khris/大二上/Logic-Design-Laborator/lab5/lab5/fpgaaaa\vivado.jou
#-----------------------------------------------------------
start_gui
open_project C:/khris/大二上/Logic-Design-Laborator/lab5/lab5/fpgaaaa/fpgaaaa.xpr
update_compile_order -fileset sources_1
open_hw_manager
connect_hw_server -allow_non_jtag
open_hw_target
set_property PROGRAM.FILE {C:/khris/大二上/Logic-Design-Laborator/lab5/lab5/fpgaaaa/fpgaaaa.runs/impl_1/fpga1.bit} [get_hw_devices xc7a35t_0]
current_hw_device [get_hw_devices xc7a35t_0]
refresh_hw_device -update_hw_probes false [lindex [get_hw_devices xc7a35t_0] 0]
