#-----------------------------------------------------------
# Vivado v2020.2 (64-bit)
# SW Build 3064766 on Wed Nov 18 09:12:45 MST 2020
# IP Build 3064653 on Wed Nov 18 14:17:31 MST 2020
# Start of session at: Thu Nov 24 11:31:30 2022
# Process ID: 9896
# Current directory: E:/lab5/fpga1
# Command line: vivado.exe -gui_launcher_event rodinguilauncherevent7212 E:\lab5\fpga1\fpga1.xpr
# Log file: E:/lab5/fpga1/vivado.log
# Journal file: E:/lab5/fpga1\vivado.jou
#-----------------------------------------------------------
start_gui
open_project E:/lab5/fpga1/fpga1.xpr
update_compile_order -fileset sources_1
create_ip -name KeyboardCtrl -vendor xilinx.com -library user -version 1.0 -module_name KeyboardCtrl_1
generate_target {instantiation_template} [get_files e:/lab5/fpga1/fpga1.srcs/sources_1/ip/KeyboardCtrl_1/KeyboardCtrl_1.xci]
update_compile_order -fileset sources_1
generate_target all [get_files  e:/lab5/fpga1/fpga1.srcs/sources_1/ip/KeyboardCtrl_1/KeyboardCtrl_1.xci]
export_ip_user_files -of_objects  [get_files e:/lab5/fpga1/fpga1.srcs/sources_1/ip/KeyboardCtrl_1/KeyboardCtrl_1.xci] -no_script -reset -force -quiet
remove_files  e:/lab5/fpga1/fpga1.srcs/sources_1/ip/KeyboardCtrl_1/KeyboardCtrl_1.xci
export_ip_user_files -of_objects  [get_files E:/lab5/fpga1/fpga1.srcs/sources_1/ip/KeyboardCtrl_0/KeyboardCtrl_0.xci] -no_script -reset -force -quiet
remove_files  E:/lab5/fpga1/fpga1.srcs/sources_1/ip/KeyboardCtrl_0/KeyboardCtrl_0.xci
create_ip -name KeyboardCtrl -vendor xilinx.com -library user -version 1.0 -module_name KeyboardCtrl_0
generate_target {instantiation_template} [get_files e:/lab5/fpga1/fpga1.srcs/sources_1/ip/KeyboardCtrl_0_1/KeyboardCtrl_0.xci]
generate_target all [get_files  e:/lab5/fpga1/fpga1.srcs/sources_1/ip/KeyboardCtrl_0_1/KeyboardCtrl_0.xci]
update_compile_order -fileset sources_1
update_ip_catalog -rebuild -scan_changes
report_ip_status -name ip_status
update_compile_order -fileset sources_1
export_ip_user_files -of_objects  [get_files e:/lab5/fpga1/fpga1.srcs/sources_1/ip/KeyboardCtrl_0_1/KeyboardCtrl_0.xci] -no_script -reset -force -quiet
remove_files  e:/lab5/fpga1/fpga1.srcs/sources_1/ip/KeyboardCtrl_0_1/KeyboardCtrl_0.xci
set_property  ip_repo_paths  {} [current_project]
update_ip_catalog
set_property  ip_repo_paths  {{C:/khris/大二上/Logic-Design-Laborator/Keyboard_and_Audio_Sample_Code/Keyboard Sample Code/Keyboard Sample Code/ip}} [current_project]
update_ip_catalog
create_ip -name KeyboardCtrl -vendor xilinx.com -library user -version 1.0 -module_name KeyboardCtrl_0
generate_target {instantiation_template} [get_files e:/lab5/fpga1/fpga1.srcs/sources_1/ip/KeyboardCtrl_0_2/KeyboardCtrl_0.xci]
generate_target all [get_files  e:/lab5/fpga1/fpga1.srcs/sources_1/ip/KeyboardCtrl_0_2/KeyboardCtrl_0.xci]
catch { config_ip_cache -export [get_ips -all KeyboardCtrl_0] }
export_ip_user_files -of_objects [get_files e:/lab5/fpga1/fpga1.srcs/sources_1/ip/KeyboardCtrl_0_2/KeyboardCtrl_0.xci] -no_script -sync -force -quiet
create_ip_run [get_files -of_objects [get_fileset sources_1] e:/lab5/fpga1/fpga1.srcs/sources_1/ip/KeyboardCtrl_0_2/KeyboardCtrl_0.xci]
launch_runs KeyboardCtrl_0_synth_1 -jobs 8
wait_on_run KeyboardCtrl_0_synth_1
export_simulation -of_objects [get_files e:/lab5/fpga1/fpga1.srcs/sources_1/ip/KeyboardCtrl_0_2/KeyboardCtrl_0.xci] -directory E:/lab5/fpga1/fpga1.ip_user_files/sim_scripts -ip_user_files_dir E:/lab5/fpga1/fpga1.ip_user_files -ipstatic_source_dir E:/lab5/fpga1/fpga1.ip_user_files/ipstatic -lib_map_path [list {modelsim=E:/lab5/fpga1/fpga1.cache/compile_simlib/modelsim} {questa=E:/lab5/fpga1/fpga1.cache/compile_simlib/questa} {riviera=E:/lab5/fpga1/fpga1.cache/compile_simlib/riviera} {activehdl=E:/lab5/fpga1/fpga1.cache/compile_simlib/activehdl}] -use_ip_compiled_libs -force -quiet
add_files -norecurse {{C:/khris/大二上/Logic-Design-Laborator/Keyboard_and_Audio_Sample_Code/Keyboard Sample Code/Keyboard Sample Code/KeyboardDecoder.v}}
update_compile_order -fileset sources_1
create_ip -name KeyboardCtrl -vendor xilinx.com -library user -version 1.0 -module_name KeyboardCtrl_1
generate_target {instantiation_template} [get_files e:/lab5/fpga1/fpga1.srcs/sources_1/ip/KeyboardCtrl_1_1/KeyboardCtrl_1.xci]
generate_target all [get_files  e:/lab5/fpga1/fpga1.srcs/sources_1/ip/KeyboardCtrl_1_1/KeyboardCtrl_1.xci]
catch { config_ip_cache -export [get_ips -all KeyboardCtrl_1] }
export_ip_user_files -of_objects [get_files e:/lab5/fpga1/fpga1.srcs/sources_1/ip/KeyboardCtrl_1_1/KeyboardCtrl_1.xci] -no_script -sync -force -quiet
create_ip_run [get_files -of_objects [get_fileset sources_1] e:/lab5/fpga1/fpga1.srcs/sources_1/ip/KeyboardCtrl_1_1/KeyboardCtrl_1.xci]
export_simulation -of_objects [get_files e:/lab5/fpga1/fpga1.srcs/sources_1/ip/KeyboardCtrl_1_1/KeyboardCtrl_1.xci] -directory E:/lab5/fpga1/fpga1.ip_user_files/sim_scripts -ip_user_files_dir E:/lab5/fpga1/fpga1.ip_user_files -ipstatic_source_dir E:/lab5/fpga1/fpga1.ip_user_files/ipstatic -lib_map_path [list {modelsim=E:/lab5/fpga1/fpga1.cache/compile_simlib/modelsim} {questa=E:/lab5/fpga1/fpga1.cache/compile_simlib/questa} {riviera=E:/lab5/fpga1/fpga1.cache/compile_simlib/riviera} {activehdl=E:/lab5/fpga1/fpga1.cache/compile_simlib/activehdl}] -use_ip_compiled_libs -force -quiet
update_compile_order -fileset sources_1
